Node "$RANDOM_TARGET": attached mountpath "/tmp/ais"
Node "$RANDOM_TARGET": detached mountpath "/tmp/ais"
