"$BUCKET" bucket created
 PROPERTY               VALUE
backend_bck.name
backend_bck.provider
