NAME             SIZE
fifth/obj        7B
fourth/obj       7B
one/one          7B
sixth/obj        7B
three/obj        7B
