"$BUCKET" bucket created
Done: 1 file downloaded, 0 errors
Done: 3 files downloaded (skipped: 1), 0 errors
Done: 2 files downloaded, 0 errors
